
Processing /tmp/nps4398_resume/inspect_run.C...
Podd::MultiFileRun  "RUN_4398"
Run number:   4398
Run date:     Tue Feb 13 17:03:18 2024
Data version: 3
Requested event range: all
Analyzed events:       542584
Assume Date:           0
Database read:         1
Initialized:           1
Opened:                0
Date set/read/req:     1 1 1
Run num set/read/req:  1 1 1
Run type set/read/req: 1 1 1
Prescales set/rd/req:  0 0 0
DAQInfo set/rd/req:    1 1 0
Run parameters: 
 Beam: 
  Energy      = 10.5435 +/- 0 GeV
  Momentum    = 10.5435 GeV/c
  Mass/Charge = 0.000511/-1 GeV/c^2
 Target: 
  Mass:       = 0 GeV/c^2
 DAQ:
  Prescale factors: (1-12)
   -1/-1/-1/1/-1/-1/0/0/0/0/0/0
Search paths:
  .
  ./raw
  ./raw/../raw.copiedtotape
  ./cache
  /net/cdaq/cdaql1data/coda/data/raw
File name:   nps_coin_4398.dat.0
Default stream: 
  nps_coin_4398.dat.0
Run parameters: 
 Beam: 
  Energy      = 10.5435 +/- 0 GeV
  Momentum    = 10.5435 GeV/c
  Mass/Charge = 0.000511/-1 GeV/c^2
 Target: 
  Mass:       = 0 GeV/c^2
 DAQ:
  Prescale factors: (1-12)
   -1/-1/-1/1/-1/-1/0/0/0/0/0/0
NCONFIG 10
