4255 126977 old 1.0 matched 0.9999186969836581 CLT 0.9999732075876112 flags 
{'run': 4307, 'status': 'NO_CACHED_FILES', 'run_type': 'junk'}
{'run': 4486, 'status': 'NO_CACHED_FILES', 'run_type': 'junk'}
{'run': 4552, 'status': 'NO_CACHED_FILES', 'run_type': 'junk'}
{'run': 4553, 'status': 'NO_CACHED_FILES', 'run_type': 'junk'}
{'run': 4554, 'status': 'NO_CACHED_FILES', 'run_type': 'junk'}
4253 1204035 old 1.000244140625 matched 0.9996418583740371 CLT 0.9996839406399168 flags coverage_differs_from_saved
4256 185308 old 0.9999816279475662 matched 0.9999540698689154 CLT 0.9999409785752228 flags 
4259 58600 old 1.0319753892048102 matched 1.0304216773872783 CLT 0.9952254556698216 flags EDTM_above_one,prescale_sampling_conditional
4258 902914 old 1.002607675257508 matched 0.9995444487830275 CLT 0.9996790856190095 flags coverage_differs_from_saved
4254 1131990 old 1.0003993099923332 matched 0.9994895354772844 CLT 0.999667176995274 flags 
4257 638056 old 0.9997334517992004 matched 0.9993558418480675 CLT 0.9994104249062324 flags coverage_differs_from_saved
4301 3032228 old 0.9976526033531659 matched 0.9990790982385497 CLT 0.9990894709565477 flags 
4304 910682 old 0.999175794382388 matched 0.9991339179387247 CLT 0.9991813632296042 flags 
4300 3200599 old 0.9989766433903202 matched 0.9988570348217661 CLT 0.998841802608076 flags coverage_differs_from_saved
4302 3697226 old 1.0016584099024715 matched 0.9991635093244108 CLT 0.9992163875523277 flags 
4305 560647 old 1.0016971996206259 matched 1.0015474467129237 CLT 1.001596744649399 flags EDTM_above_one,CLT_above_one
4349 3214736 old 0.999754073163234 matched 0.9993149180975802 CLT 0.9993811252436242 flags coverage_differs_from_saved
4308 436491 old 1.0023214447224817 matched 0.9953826447019571 CLT 0.9969561094537874 flags prescale_sampling_conditional
4303 3310432 old 0.997664608720949 matched 0.9997819556158543 CLT 0.9997500641326204 flags 
4306 693344 old 0.9998841373499052 matched 0.999852538445334 CLT 0.9998212002523438 flags 
4350 3050355 old 1.0013249921920102 matched 0.9989888394333721 CLT 0.9991332036830061 flags multiple_coverage_components,cross_segment_counter_or_clock_restart,scaler_jump_or_clock_anomaly,coverage_differs_from_saved
4352 3811434 old 0.9985540775014459 matched 0.9989320710605689 CLT 0.998944543359103 flags coverage_differs_from_saved
4353 1020313 old 1.0009174494904167 matched 0.9995420060136602 CLT 0.9995354659989878 flags coverage_differs_from_saved
4355 731444 old 0.9998163995960792 matched 0.999795999551199 CLT 0.9998432624675012 flags coverage_differs_from_saved
4351 3807421 old 0.9989172600225152 matched 0.9989399875376913 CLT 0.9991213319220691 flags coverage_differs_from_saved
4356 482202 old 1.0004780786861274 matched 0.9951889652103785 CLT 0.9957296227030334 flags prescale_sampling_conditional,coverage_differs_from_saved
4354 931889 old 0.9995106834121676 matched 0.999703795856104 CLT 0.9995927374672059 flags coverage_differs_from_saved
4483 184942 old 1.0103875349580504 matched 0.999001198561726 CLT 0.9992002326595899 flags missing_start_segment,coverage_differs_from_saved
4400 3569579 old 1.0021296595482185 matched 0.9991877177062904 CLT 0.999205414062634 flags coverage_differs_from_saved
4398 3222394 old 0.9985808809181701 matched 0.9991485285509021 CLT 0.9991685076400997 flags coverage_differs_from_saved
4403 658026 old 0.9998517825992772 matched 0.9997947759066914 CLT 0.9997224565121795 flags coverage_differs_from_saved
4401 776164 old 0.9976799440950385 matched 0.9994409503843467 CLT 0.9995293884898017 flags coverage_differs_from_saved
4489 3366490 old 0.9994719577566206 matched 0.9990337778487582 CLT 0.9991470422596819 flags coverage_differs_from_saved
4492 650271 old 0.9999526772827296 matched 0.999940846603412 CLT 0.9998297034248123 flags coverage_differs_from_saved
4404 466141 old 0.998911617782491 matched 0.9930448222565688 CLT 0.996374898422675 flags prescale_sampling_conditional,coverage_differs_from_saved
4484 3480951 old 1.0005206648732654 matched 0.9988518582595429 CLT 0.9990029074219635 flags coverage_differs_from_saved
4555 3145849 old 0.9995272542391023 matched 0.9990202191146343 CLT 0.9990444147891844 flags coverage_differs_from_saved
4485 3211090 old 1.0005244875498693 matched 0.9987729956068094 CLT 0.9988388998654093 flags coverage_differs_from_saved
4487 1435976 old 0.9983163005599279 matched 0.9990406828771683 CLT 0.9990231813251176 flags coverage_differs_from_saved
4558 440866 old 0.9984455484775518 matched 0.9988777336285601 CLT 0.9971527223385245 flags prescale_sampling_conditional,coverage_differs_from_saved
4490 781888 old 1.001823852823007 matched 0.9997092408543032 CLT 0.9995716735306923 flags coverage_differs_from_saved
4493 455237 old 0.9852142990829122 matched 0.9928255037744089 CLT 0.9981827527855911 flags prescale_sampling_conditional,coverage_differs_from_saved
4488 3057553 old 0.997848256075918 matched 0.9987402183008579 CLT 0.9988082581356728 flags coverage_differs_from_saved
4556 911726 old 1.0027059465357337 matched 0.9992157717024289 CLT 0.9992493108908569 flags coverage_differs_from_saved
4491 766430 old 0.9983939840532063 matched 0.9997732683369233 CLT 0.9997254853985087 flags coverage_differs_from_saved
4551 3402200 old 0.9995636963003062 matched 0.9992011297155537 CLT 0.999295001887861 flags coverage_differs_from_saved
4557 686454 old 0.9999347364986132 matched 0.999923859248382 CLT 0.9997971947000215 flags coverage_differs_from_saved
4402 808720 old 0.9982199506520972 matched 0.9995417694747973 CLT 0.9996535284465821 flags coverage_differs_from_saved
4397 3495145 old 1.0008797542755299 matched 0.9993196250377986 CLT 0.9993179319207556 flags coverage_differs_from_saved
4399 3450881 old 1.001309732615406 matched 0.9991529368670874 CLT 0.9991735712709365 flags coverage_differs_from_saved
