Setting up NPS offline replay environment

****************************************************
>>>>  IMPORTANT: After loading this module, do  <<<<
>>>>    cd $REPLAYDIR                           <<<<
****************************************************

Loading nps_replay/5.28.24
  Loading requirement: pythia6/6.4.28 pythia8/8.317 root/6.30.04 evio/5.3
    analyzer/1.7.12 hcana/1.1 NPSlib/fddb8e9_1.1.0

Processing export_cached.C(4402)...
START 4402 0 /cache/hallc/c-nps/analysis/pass2/replays/updated/nps_hms_coin_4402_0_1_-1.root
Podd::MultiFileRun  "RUN_4402"
Run number:   4402
Run date:     Tue Feb 13 20:37:12 2024
Data version: 3
Requested event range: all
Analyzed events:       808720
Assume Date:           0
Database read:         1
Initialized:           1
Opened:                0
Date set/read/req:     1 1 1
Run num set/read/req:  1 1 1
Run type set/read/req: 1 1 1
Prescales set/rd/req:  0 0 0
DAQInfo set/rd/req:    1 1 0
Run parameters: 
 Beam: 
  Energy      = 10.5434 +/- 0 GeV
  Momentum    = 10.5434 GeV/c
  Mass/Charge = 0.000511/-1 GeV/c^2
 Target: 
  Mass:       = 0 GeV/c^2
 DAQ:
  Prescale factors: (1-12)
   -1/-1/-1/1/-1/-1/0/0/0/0/0/0
Search paths:
  .
  ./raw
  ./raw/../raw.copiedtotape
  ./cache
  /net/cdaq/cdaql1data/coda/data/raw
File name:   nps_coin_4402.dat.0
Default stream: 
  nps_coin_4402.dat.0
EXPORTED 4402 0 TSH 937 28
EXPORTED 4402 0 T 808720 19
