Runs 51 files 187 cached runs 46 same saved coverage 16
4253 production ps6=0 updated [0, 1, 2] saved 2 same False
4254 production ps6=0 updated [0, 1, 2] saved 3 same True
4255 production ps6=0 updated [0] saved 1 same True
4256 production ps6=0 updated [0] saved 1 same True
4257 efficiency ps4=0 updated [0] saved 0 same False
4258 efficiency ps3=0 updated [0, 1] saved 0 same False
4259 production ps6=3 updated [0] saved 1 same True
4300 production ps4=0 updated [0, 1, 2, 3, 4, 5] saved 5 same False
4301 production ps4=0 updated [0, 1, 2, 3, 4, 5] saved 6 same True
4302 production ps4=0 updated [0, 1, 2, 3, 4, 5, 6, 7] saved 8 same True
4303 production ps4=0 updated [0, 1, 2, 3, 4, 5, 6] saved 7 same True
4304 production ps4=0 updated [0, 1] saved 2 same True
4305 production ps4=0 updated [0] saved 1 same True
4306 production ps4=0 updated [0] saved 1 same True
4307 junk ps4=0 none [] saved 0 same True
4308 production ps4=1 updated [0, 1, 2, 3, 4, 5] saved 6 same True
4349 production ps4=0 updated [0, 1, 2, 3, 4, 5] saved 6 same False
4350 production ps4=0 updated [0, 1, 2, 3, 4, 5] saved 6 same False
4351 production ps4=0 updated [0, 1, 2, 3, 4, 5, 6, 7] saved 7 same False
4352 production ps4=0 updated [0, 1, 2, 3, 4, 5, 6, 7] saved 1 same False
4353 production ps4=0 updated [0, 1] saved 2 same False
4354 production ps4=0 updated [0, 1] saved 1 same False
4355 production ps4=0 updated [0] saved 1 same False
4356 production ps4=1 updated [0, 1, 2, 3, 4, 5, 6] saved 5 same False
4397 production ps4=0 updated [0, 1, 2, 3, 4, 5, 6] saved 7 same False
4398 production ps4=0 updated [0, 1, 2, 3, 4, 5] saved 1 same False
4399 production ps4=0 updated [0, 1, 2, 3, 4, 5, 6] saved 7 same False
4400 production ps4=0 updated [0, 1, 2, 3, 4, 5, 6] saved 7 same False
4401 production ps4=0 updated [0, 1] saved 2 same False
4402 production ps4=0 updated [0] saved 1 same False
4403 production ps4=0 updated [0] saved 1 same False
4404 production ps4=1 updated [0, 1, 2, 3, 4, 5] saved 6 same False
4483 junk ps4=0 updated [1] saved 0 same False
4484 production ps4=0 updated [0, 1, 2, 3, 4, 5, 6] saved 7 same False
4485 production ps4=0 updated [0, 1, 2, 3, 4, 5] saved 6 same False
4486 junk ps4=0 none [] saved 0 same True
4487 production ps4=0 updated [0, 1, 2] saved 3 same False
4488 production ps4=0 updated [0, 1, 2, 3, 4, 5] saved 1 same False
4489 production ps4=0 updated [0, 1, 2, 3, 4, 5, 6] saved 7 same False
4490 production ps4=0 updated [0, 1] saved 1 same False
4491 production ps4=0 updated [0] saved 1 same False
4492 production ps4=0 updated [0] saved 1 same False
4493 production ps4=1 updated [0, 1, 2, 3, 4, 5] saved 6 same False
4551 production ps4=0 updated [0, 1, 2, 3, 4, 5] saved 6 same False
4552 junk ps4=0 none [] saved 0 same True
4553 junk ps4=0 none [] saved 0 same True
4554 junk ps4=0 none [] saved 0 same True
4555 production ps4=0 updated [0, 1, 2, 3, 4, 5] saved 6 same False
4556 production ps4=0 updated [0, 1] saved 2 same False
4557 production ps4=0 updated [0] saved 1 same False
4558 production ps4=1 updated [0, 1, 2, 3, 4, 5] saved 6 same False
